// Jest Snapshot v1, https://goo.gl/fbAQLP

exports[`CharacterList component renders CharacterList 1`] = `
<DocumentFragment>
  <ul>
    <li>
      <img
        alt="Arnold Shortman"
        src="https://vignette.wikia.nocookie.net/heyarnold/images/f/f5/Arnold.png/revision/latest?cb=20181027162333"
      />
      <h3>
        Arnold Shortman
      </h3>
    </li>
  </ul>
</DocumentFragment>
`;
